// Vitest Snapshot v1

exports[`mount component 1`] = `"<div class=\\"button\\">1111111111</div>"`;
